// Jest Snapshot v1, https://goo.gl/fbAQLP

exports[`MessageEdit component render snapshot 1`] = `
initialize {
  "0": Object {
    "attribs": Object {
      "class": "DesignKit__ChatBubble-bosrNA kJiYLw",
    },
    "children": Array [
      Object {
        "attribs": Object {
          "class": "DesignKit__ChatForm-gleOMh dlYIux",
        },
        "children": Array [
          Object {
            "attribs": Object {
              "type": "text",
              "value": "test",
            },
            "children": Array [],
            "name": "input",
            "namespace": "http://www.w3.org/1999/xhtml",
            "next": null,
            "parent": [Circular],
            "prev": null,
            "type": "tag",
            "x-attribsNamespace": Object {
              "type": undefined,
              "value": undefined,
            },
            "x-attribsPrefix": Object {
              "type": undefined,
              "value": undefined,
            },
          },
        ],
        "name": "form",
        "namespace": "http://www.w3.org/1999/xhtml",
        "next": null,
        "parent": [Circular],
        "prev": null,
        "type": "tag",
        "x-attribsNamespace": Object {
          "class": undefined,
        },
        "x-attribsPrefix": Object {
          "class": undefined,
        },
      },
    ],
    "name": "div",
    "namespace": "http://www.w3.org/1999/xhtml",
    "next": null,
    "parent": null,
    "prev": null,
    "root": Object {
      "attribs": Object {},
      "children": Array [
        [Circular],
      ],
      "name": "root",
      "namespace": "http://www.w3.org/1999/xhtml",
      "next": null,
      "parent": null,
      "prev": null,
      "type": "root",
      "x-attribsNamespace": Object {},
      "x-attribsPrefix": Object {},
    },
    "type": "tag",
    "x-attribsNamespace": Object {
      "class": undefined,
    },
    "x-attribsPrefix": Object {
      "class": undefined,
    },
  },
  "_root": [Circular],
  "length": 1,
  "options": Object {
    "decodeEntities": true,
    "normalizeWhitespace": false,
    "withDomLvl1": true,
    "xml": false,
  },
}
`;
